[0m[1mdata.http.my_ip[0]: Reading...[0m[0m
[0m[1mdata.http.my_ip[0]: Read complete after 0s [id=https://checkip.amazonaws.com][0m
[0m[1mdata.aws_ami.ubuntu: Reading...[0m[0m
[0m[1mdata.aws_availability_zones.available: Reading...[0m[0m
[0m[1mdata.aws_availability_zones.available: Read complete after 1s [id=us-east-1][0m
[0m[1mdata.aws_ami.ubuntu: Read complete after 1s [id=ami-0045d7fc2ad003464][0m

Terraform used the selected providers to generate the following execution
plan. Resource actions are indicated with the following symbols:
  [32m+[0m create[0m

Terraform will perform the following actions:

[1m  # aws_instance.bastion[0][0m will be created
[0m  [32m+[0m[0m resource "aws_instance" "bastion" {
      [32m+[0m[0m ami                                  = "ami-0045d7fc2ad003464"
      [32m+[0m[0m arn                                  = (known after apply)
      [32m+[0m[0m associate_public_ip_address          = (known after apply)
      [32m+[0m[0m availability_zone                    = (known after apply)
      [32m+[0m[0m disable_api_stop                     = (known after apply)
      [32m+[0m[0m disable_api_termination              = (known after apply)
      [32m+[0m[0m ebs_optimized                        = (known after apply)
      [32m+[0m[0m enable_primary_ipv6                  = (known after apply)
      [32m+[0m[0m force_destroy                        = false
      [32m+[0m[0m get_password_data                    = false
      [32m+[0m[0m host_id                              = (known after apply)
      [32m+[0m[0m host_resource_group_arn              = (known after apply)
      [32m+[0m[0m iam_instance_profile                 = (known after apply)
      [32m+[0m[0m id                                   = (known after apply)
      [32m+[0m[0m instance_initiated_shutdown_behavior = (known after apply)
      [32m+[0m[0m instance_lifecycle                   = (known after apply)
      [32m+[0m[0m instance_state                       = (known after apply)
      [32m+[0m[0m instance_type                        = "t3.micro"
      [32m+[0m[0m ipv6_address_count                   = (known after apply)
      [32m+[0m[0m ipv6_addresses                       = (known after apply)
      [32m+[0m[0m key_name                             = "k8s-lab-key"
      [32m+[0m[0m monitoring                           = (known after apply)
      [32m+[0m[0m outpost_arn                          = (known after apply)
      [32m+[0m[0m password_data                        = (known after apply)
      [32m+[0m[0m placement_group                      = (known after apply)
      [32m+[0m[0m placement_group_id                   = (known after apply)
      [32m+[0m[0m placement_partition_number           = (known after apply)
      [32m+[0m[0m primary_network_interface_id         = (known after apply)
      [32m+[0m[0m private_dns                          = (known after apply)
      [32m+[0m[0m private_ip                           = (known after apply)
      [32m+[0m[0m public_dns                           = (known after apply)
      [32m+[0m[0m public_ip                            = (known after apply)
      [32m+[0m[0m region                               = "us-east-1"
      [32m+[0m[0m secondary_private_ips                = (known after apply)
      [32m+[0m[0m security_groups                      = (known after apply)
      [32m+[0m[0m source_dest_check                    = true
      [32m+[0m[0m spot_instance_request_id             = (known after apply)
      [32m+[0m[0m subnet_id                            = (known after apply)
      [32m+[0m[0m tags                                 = {
          [32m+[0m[0m "Name" = "k8s-bastion"
          [32m+[0m[0m "Role" = "bastion"
        }
      [32m+[0m[0m tags_all                             = {
          [32m+[0m[0m "ManagedBy" = "terraform"
          [32m+[0m[0m "Name"      = "k8s-bastion"
          [32m+[0m[0m "Project"   = "k8s-lab"
          [32m+[0m[0m "Role"      = "bastion"
        }
      [32m+[0m[0m tenancy                              = (known after apply)
      [32m+[0m[0m user_data_base64                     = (known after apply)
      [32m+[0m[0m user_data_replace_on_change          = false
      [32m+[0m[0m vpc_security_group_ids               = (known after apply)

      [32m+[0m[0m capacity_reservation_specification (known after apply)

      [32m+[0m[0m cpu_options (known after apply)

      [32m+[0m[0m ebs_block_device (known after apply)

      [32m+[0m[0m enclave_options (known after apply)

      [32m+[0m[0m ephemeral_block_device (known after apply)

      [32m+[0m[0m instance_market_options (known after apply)

      [32m+[0m[0m maintenance_options (known after apply)

      [32m+[0m[0m metadata_options {
          [32m+[0m[0m http_endpoint               = "enabled"
          [32m+[0m[0m http_protocol_ipv6          = "disabled"
          [32m+[0m[0m http_put_response_hop_limit = (known after apply)
          [32m+[0m[0m http_tokens                 = "required"
          [32m+[0m[0m instance_metadata_tags      = (known after apply)
        }

      [32m+[0m[0m network_interface (known after apply)

      [32m+[0m[0m primary_network_interface (known after apply)

      [32m+[0m[0m private_dns_name_options (known after apply)

      [32m+[0m[0m root_block_device (known after apply)

      [32m+[0m[0m secondary_network_interface (known after apply)
    }

[1m  # aws_instance.control_plane[0][0m will be created
[0m  [32m+[0m[0m resource "aws_instance" "control_plane" {
      [32m+[0m[0m ami                                  = "ami-0045d7fc2ad003464"
      [32m+[0m[0m arn                                  = (known after apply)
      [32m+[0m[0m associate_public_ip_address          = (known after apply)
      [32m+[0m[0m availability_zone                    = (known after apply)
      [32m+[0m[0m disable_api_stop                     = (known after apply)
      [32m+[0m[0m disable_api_termination              = (known after apply)
      [32m+[0m[0m ebs_optimized                        = (known after apply)
      [32m+[0m[0m enable_primary_ipv6                  = (known after apply)
      [32m+[0m[0m force_destroy                        = false
      [32m+[0m[0m get_password_data                    = false
      [32m+[0m[0m host_id                              = (known after apply)
      [32m+[0m[0m host_resource_group_arn              = (known after apply)
      [32m+[0m[0m iam_instance_profile                 = (known after apply)
      [32m+[0m[0m id                                   = (known after apply)
      [32m+[0m[0m instance_initiated_shutdown_behavior = (known after apply)
      [32m+[0m[0m instance_lifecycle                   = (known after apply)
      [32m+[0m[0m instance_state                       = (known after apply)
      [32m+[0m[0m instance_type                        = "t3.small"
      [32m+[0m[0m ipv6_address_count                   = (known after apply)
      [32m+[0m[0m ipv6_addresses                       = (known after apply)
      [32m+[0m[0m key_name                             = "k8s-lab-key"
      [32m+[0m[0m monitoring                           = (known after apply)
      [32m+[0m[0m outpost_arn                          = (known after apply)
      [32m+[0m[0m password_data                        = (known after apply)
      [32m+[0m[0m placement_group                      = (known after apply)
      [32m+[0m[0m placement_group_id                   = (known after apply)
      [32m+[0m[0m placement_partition_number           = (known after apply)
      [32m+[0m[0m primary_network_interface_id         = (known after apply)
      [32m+[0m[0m private_dns                          = (known after apply)
      [32m+[0m[0m private_ip                           = (known after apply)
      [32m+[0m[0m public_dns                           = (known after apply)
      [32m+[0m[0m public_ip                            = (known after apply)
      [32m+[0m[0m region                               = "us-east-1"
      [32m+[0m[0m secondary_private_ips                = (known after apply)
      [32m+[0m[0m security_groups                      = (known after apply)
      [32m+[0m[0m source_dest_check                    = false
      [32m+[0m[0m spot_instance_request_id             = (known after apply)
      [32m+[0m[0m subnet_id                            = (known after apply)
      [32m+[0m[0m tags                                 = {
          [32m+[0m[0m "Name" = "k8s-control-plane"
          [32m+[0m[0m "Role" = "control-plane"
        }
      [32m+[0m[0m tags_all                             = {
          [32m+[0m[0m "ManagedBy" = "terraform"
          [32m+[0m[0m "Name"      = "k8s-control-plane"
          [32m+[0m[0m "Project"   = "k8s-lab"
          [32m+[0m[0m "Role"      = "control-plane"
        }
      [32m+[0m[0m tenancy                              = (known after apply)
      [32m+[0m[0m user_data_base64                     = (known after apply)
      [32m+[0m[0m user_data_replace_on_change          = false
      [32m+[0m[0m vpc_security_group_ids               = (known after apply)

      [32m+[0m[0m capacity_reservation_specification (known after apply)

      [32m+[0m[0m cpu_options (known after apply)

      [32m+[0m[0m ebs_block_device (known after apply)

      [32m+[0m[0m enclave_options (known after apply)

      [32m+[0m[0m ephemeral_block_device (known after apply)

      [32m+[0m[0m instance_market_options (known after apply)

      [32m+[0m[0m maintenance_options (known after apply)

      [32m+[0m[0m metadata_options {
          [32m+[0m[0m http_endpoint               = "enabled"
          [32m+[0m[0m http_protocol_ipv6          = "disabled"
          [32m+[0m[0m http_put_response_hop_limit = (known after apply)
          [32m+[0m[0m http_tokens                 = "required"
          [32m+[0m[0m instance_metadata_tags      = (known after apply)
        }

      [32m+[0m[0m network_interface (known after apply)

      [32m+[0m[0m primary_network_interface (known after apply)

      [32m+[0m[0m private_dns_name_options (known after apply)

      [32m+[0m[0m root_block_device {
          [32m+[0m[0m delete_on_termination = true
          [32m+[0m[0m device_name           = (known after apply)
          [32m+[0m[0m encrypted             = (known after apply)
          [32m+[0m[0m iops                  = (known after apply)
          [32m+[0m[0m kms_key_id            = (known after apply)
          [32m+[0m[0m tags_all              = (known after apply)
          [32m+[0m[0m throughput            = (known after apply)
          [32m+[0m[0m volume_id             = (known after apply)
          [32m+[0m[0m volume_size           = 20
          [32m+[0m[0m volume_type           = "gp3"
        }

      [32m+[0m[0m secondary_network_interface (known after apply)
    }

[1m  # aws_instance.worker[0][0m will be created
[0m  [32m+[0m[0m resource "aws_instance" "worker" {
      [32m+[0m[0m ami                                  = "ami-0045d7fc2ad003464"
      [32m+[0m[0m arn                                  = (known after apply)
      [32m+[0m[0m associate_public_ip_address          = (known after apply)
      [32m+[0m[0m availability_zone                    = (known after apply)
      [32m+[0m[0m disable_api_stop                     = (known after apply)
      [32m+[0m[0m disable_api_termination              = (known after apply)
      [32m+[0m[0m ebs_optimized                        = (known after apply)
      [32m+[0m[0m enable_primary_ipv6                  = (known after apply)
      [32m+[0m[0m force_destroy                        = false
      [32m+[0m[0m get_password_data                    = false
      [32m+[0m[0m host_id                              = (known after apply)
      [32m+[0m[0m host_resource_group_arn              = (known after apply)
      [32m+[0m[0m iam_instance_profile                 = (known after apply)
      [32m+[0m[0m id                                   = (known after apply)
      [32m+[0m[0m instance_initiated_shutdown_behavior = (known after apply)
      [32m+[0m[0m instance_lifecycle                   = (known after apply)
      [32m+[0m[0m instance_state                       = (known after apply)
      [32m+[0m[0m instance_type                        = "t3.small"
      [32m+[0m[0m ipv6_address_count                   = (known after apply)
      [32m+[0m[0m ipv6_addresses                       = (known after apply)
      [32m+[0m[0m key_name                             = "k8s-lab-key"
      [32m+[0m[0m monitoring                           = (known after apply)
      [32m+[0m[0m outpost_arn                          = (known after apply)
      [32m+[0m[0m password_data                        = (known after apply)
      [32m+[0m[0m placement_group                      = (known after apply)
      [32m+[0m[0m placement_group_id                   = (known after apply)
      [32m+[0m[0m placement_partition_number           = (known after apply)
      [32m+[0m[0m primary_network_interface_id         = (known after apply)
      [32m+[0m[0m private_dns                          = (known after apply)
      [32m+[0m[0m private_ip                           = (known after apply)
      [32m+[0m[0m public_dns                           = (known after apply)
      [32m+[0m[0m public_ip                            = (known after apply)
      [32m+[0m[0m region                               = "us-east-1"
      [32m+[0m[0m secondary_private_ips                = (known after apply)
      [32m+[0m[0m security_groups                      = (known after apply)
      [32m+[0m[0m source_dest_check                    = false
      [32m+[0m[0m spot_instance_request_id             = (known after apply)
      [32m+[0m[0m subnet_id                            = (known after apply)
      [32m+[0m[0m tags                                 = {
          [32m+[0m[0m "Name" = "k8s-worker-1"
          [32m+[0m[0m "Role" = "worker"
        }
      [32m+[0m[0m tags_all                             = {
          [32m+[0m[0m "ManagedBy" = "terraform"
          [32m+[0m[0m "Name"      = "k8s-worker-1"
          [32m+[0m[0m "Project"   = "k8s-lab"
          [32m+[0m[0m "Role"      = "worker"
        }
      [32m+[0m[0m tenancy                              = (known after apply)
      [32m+[0m[0m user_data_base64                     = (known after apply)
      [32m+[0m[0m user_data_replace_on_change          = false
      [32m+[0m[0m vpc_security_group_ids               = (known after apply)

      [32m+[0m[0m capacity_reservation_specification (known after apply)

      [32m+[0m[0m cpu_options (known after apply)

      [32m+[0m[0m ebs_block_device (known after apply)

      [32m+[0m[0m enclave_options (known after apply)

      [32m+[0m[0m ephemeral_block_device (known after apply)

      [32m+[0m[0m instance_market_options (known after apply)

      [32m+[0m[0m maintenance_options (known after apply)

      [32m+[0m[0m metadata_options {
          [32m+[0m[0m http_endpoint               = "enabled"
          [32m+[0m[0m http_protocol_ipv6          = "disabled"
          [32m+[0m[0m http_put_response_hop_limit = (known after apply)
          [32m+[0m[0m http_tokens                 = "required"
          [32m+[0m[0m instance_metadata_tags      = (known after apply)
        }

      [32m+[0m[0m network_interface (known after apply)

      [32m+[0m[0m primary_network_interface (known after apply)

      [32m+[0m[0m private_dns_name_options (known after apply)

      [32m+[0m[0m root_block_device {
          [32m+[0m[0m delete_on_termination = true
          [32m+[0m[0m device_name           = (known after apply)
          [32m+[0m[0m encrypted             = (known after apply)
          [32m+[0m[0m iops                  = (known after apply)
          [32m+[0m[0m kms_key_id            = (known after apply)
          [32m+[0m[0m tags_all              = (known after apply)
          [32m+[0m[0m throughput            = (known after apply)
          [32m+[0m[0m volume_id             = (known after apply)
          [32m+[0m[0m volume_size           = 20
          [32m+[0m[0m volume_type           = "gp3"
        }

      [32m+[0m[0m secondary_network_interface (known after apply)
    }

[1m  # aws_instance.worker[1][0m will be created
[0m  [32m+[0m[0m resource "aws_instance" "worker" {
      [32m+[0m[0m ami                                  = "ami-0045d7fc2ad003464"
      [32m+[0m[0m arn                                  = (known after apply)
      [32m+[0m[0m associate_public_ip_address          = (known after apply)
      [32m+[0m[0m availability_zone                    = (known after apply)
      [32m+[0m[0m disable_api_stop                     = (known after apply)
      [32m+[0m[0m disable_api_termination              = (known after apply)
      [32m+[0m[0m ebs_optimized                        = (known after apply)
      [32m+[0m[0m enable_primary_ipv6                  = (known after apply)
      [32m+[0m[0m force_destroy                        = false
      [32m+[0m[0m get_password_data                    = false
      [32m+[0m[0m host_id                              = (known after apply)
      [32m+[0m[0m host_resource_group_arn              = (known after apply)
      [32m+[0m[0m iam_instance_profile                 = (known after apply)
      [32m+[0m[0m id                                   = (known after apply)
      [32m+[0m[0m instance_initiated_shutdown_behavior = (known after apply)
      [32m+[0m[0m instance_lifecycle                   = (known after apply)
      [32m+[0m[0m instance_state                       = (known after apply)
      [32m+[0m[0m instance_type                        = "t3.small"
      [32m+[0m[0m ipv6_address_count                   = (known after apply)
      [32m+[0m[0m ipv6_addresses                       = (known after apply)
      [32m+[0m[0m key_name                             = "k8s-lab-key"
      [32m+[0m[0m monitoring                           = (known after apply)
      [32m+[0m[0m outpost_arn                          = (known after apply)
      [32m+[0m[0m password_data                        = (known after apply)
      [32m+[0m[0m placement_group                      = (known after apply)
      [32m+[0m[0m placement_group_id                   = (known after apply)
      [32m+[0m[0m placement_partition_number           = (known after apply)
      [32m+[0m[0m primary_network_interface_id         = (known after apply)
      [32m+[0m[0m private_dns                          = (known after apply)
      [32m+[0m[0m private_ip                           = (known after apply)
      [32m+[0m[0m public_dns                           = (known after apply)
      [32m+[0m[0m public_ip                            = (known after apply)
      [32m+[0m[0m region                               = "us-east-1"
      [32m+[0m[0m secondary_private_ips                = (known after apply)
      [32m+[0m[0m security_groups                      = (known after apply)
      [32m+[0m[0m source_dest_check                    = false
      [32m+[0m[0m spot_instance_request_id             = (known after apply)
      [32m+[0m[0m subnet_id                            = (known after apply)
      [32m+[0m[0m tags                                 = {
          [32m+[0m[0m "Name" = "k8s-worker-2"
          [32m+[0m[0m "Role" = "worker"
        }
      [32m+[0m[0m tags_all                             = {
          [32m+[0m[0m "ManagedBy" = "terraform"
          [32m+[0m[0m "Name"      = "k8s-worker-2"
          [32m+[0m[0m "Project"   = "k8s-lab"
          [32m+[0m[0m "Role"      = "worker"
        }
      [32m+[0m[0m tenancy                              = (known after apply)
      [32m+[0m[0m user_data_base64                     = (known after apply)
      [32m+[0m[0m user_data_replace_on_change          = false
      [32m+[0m[0m vpc_security_group_ids               = (known after apply)

      [32m+[0m[0m capacity_reservation_specification (known after apply)

      [32m+[0m[0m cpu_options (known after apply)

      [32m+[0m[0m ebs_block_device (known after apply)

      [32m+[0m[0m enclave_options (known after apply)

      [32m+[0m[0m ephemeral_block_device (known after apply)

      [32m+[0m[0m instance_market_options (known after apply)

      [32m+[0m[0m maintenance_options (known after apply)

      [32m+[0m[0m metadata_options {
          [32m+[0m[0m http_endpoint               = "enabled"
          [32m+[0m[0m http_protocol_ipv6          = "disabled"
          [32m+[0m[0m http_put_response_hop_limit = (known after apply)
          [32m+[0m[0m http_tokens                 = "required"
          [32m+[0m[0m instance_metadata_tags      = (known after apply)
        }

      [32m+[0m[0m network_interface (known after apply)

      [32m+[0m[0m primary_network_interface (known after apply)

      [32m+[0m[0m private_dns_name_options (known after apply)

      [32m+[0m[0m root_block_device {
          [32m+[0m[0m delete_on_termination = true
          [32m+[0m[0m device_name           = (known after apply)
          [32m+[0m[0m encrypted             = (known after apply)
          [32m+[0m[0m iops                  = (known after apply)
          [32m+[0m[0m kms_key_id            = (known after apply)
          [32m+[0m[0m tags_all              = (known after apply)
          [32m+[0m[0m throughput            = (known after apply)
          [32m+[0m[0m volume_id             = (known after apply)
          [32m+[0m[0m volume_size           = 20
          [32m+[0m[0m volume_type           = "gp3"
        }

      [32m+[0m[0m secondary_network_interface (known after apply)
    }

[1m  # aws_internet_gateway.main[0m will be created
[0m  [32m+[0m[0m resource "aws_internet_gateway" "main" {
      [32m+[0m[0m arn      = (known after apply)
      [32m+[0m[0m id       = (known after apply)
      [32m+[0m[0m owner_id = (known after apply)
      [32m+[0m[0m region   = "us-east-1"
      [32m+[0m[0m tags     = {
          [32m+[0m[0m "Name" = "k8s-lab-igw"
        }
      [32m+[0m[0m tags_all = {
          [32m+[0m[0m "ManagedBy" = "terraform"
          [32m+[0m[0m "Name"      = "k8s-lab-igw"
          [32m+[0m[0m "Project"   = "k8s-lab"
        }
      [32m+[0m[0m vpc_id   = (known after apply)
    }

[1m  # aws_key_pair.cluster[0m will be created
[0m  [32m+[0m[0m resource "aws_key_pair" "cluster" {
      [32m+[0m[0m arn             = (known after apply)
      [32m+[0m[0m fingerprint     = (known after apply)
      [32m+[0m[0m id              = (known after apply)
      [32m+[0m[0m key_name        = "k8s-lab-key"
      [32m+[0m[0m key_name_prefix = (known after apply)
      [32m+[0m[0m key_pair_id     = (known after apply)
      [32m+[0m[0m key_type        = (known after apply)
      [32m+[0m[0m public_key      = (known after apply)
      [32m+[0m[0m region          = "us-east-1"
      [32m+[0m[0m tags_all        = {
          [32m+[0m[0m "ManagedBy" = "terraform"
          [32m+[0m[0m "Project"   = "k8s-lab"
        }
    }

[1m  # aws_route_table.public[0m will be created
[0m  [32m+[0m[0m resource "aws_route_table" "public" {
      [32m+[0m[0m arn              = (known after apply)
      [32m+[0m[0m id               = (known after apply)
      [32m+[0m[0m owner_id         = (known after apply)
      [32m+[0m[0m propagating_vgws = (known after apply)
      [32m+[0m[0m region           = "us-east-1"
      [32m+[0m[0m route            = [
          [32m+[0m[0m {
              [32m+[0m[0m cidr_block                 = "0.0.0.0/0"
              [32m+[0m[0m gateway_id                 = (known after apply)
                [90m# (12 unchanged attributes hidden)[0m[0m
            },
        ]
      [32m+[0m[0m tags             = {
          [32m+[0m[0m "Name" = "k8s-lab-rt-public"
        }
      [32m+[0m[0m tags_all         = {
          [32m+[0m[0m "ManagedBy" = "terraform"
          [32m+[0m[0m "Name"      = "k8s-lab-rt-public"
          [32m+[0m[0m "Project"   = "k8s-lab"
        }
      [32m+[0m[0m vpc_id           = (known after apply)
    }

[1m  # aws_route_table_association.bastion[0][0m will be created
[0m  [32m+[0m[0m resource "aws_route_table_association" "bastion" {
      [32m+[0m[0m id             = (known after apply)
      [32m+[0m[0m region         = "us-east-1"
      [32m+[0m[0m route_table_id = (known after apply)
      [32m+[0m[0m subnet_id      = (known after apply)
    }

[1m  # aws_route_table_association.control_plane[0m will be created
[0m  [32m+[0m[0m resource "aws_route_table_association" "control_plane" {
      [32m+[0m[0m id             = (known after apply)
      [32m+[0m[0m region         = "us-east-1"
      [32m+[0m[0m route_table_id = (known after apply)
      [32m+[0m[0m subnet_id      = (known after apply)
    }

[1m  # aws_route_table_association.workers[0m will be created
[0m  [32m+[0m[0m resource "aws_route_table_association" "workers" {
      [32m+[0m[0m id             = (known after apply)
      [32m+[0m[0m region         = "us-east-1"
      [32m+[0m[0m route_table_id = (known after apply)
      [32m+[0m[0m subnet_id      = (known after apply)
    }

[1m  # aws_security_group.bastion[0][0m will be created
[0m  [32m+[0m[0m resource "aws_security_group" "bastion" {
      [32m+[0m[0m arn                    = (known after apply)
      [32m+[0m[0m description            = "Bastion Host"
      [32m+[0m[0m egress                 = (known after apply)
      [32m+[0m[0m id                     = (known after apply)
      [32m+[0m[0m ingress                = (known after apply)
      [32m+[0m[0m name                   = "k8s-lab-bastion-sg"
      [32m+[0m[0m name_prefix            = (known after apply)
      [32m+[0m[0m owner_id               = (known after apply)
      [32m+[0m[0m region                 = "us-east-1"
      [32m+[0m[0m revoke_rules_on_delete = false
      [32m+[0m[0m tags                   = {
          [32m+[0m[0m "Name" = "k8s-lab-bastion-sg"
        }
      [32m+[0m[0m tags_all               = {
          [32m+[0m[0m "ManagedBy" = "terraform"
          [32m+[0m[0m "Name"      = "k8s-lab-bastion-sg"
          [32m+[0m[0m "Project"   = "k8s-lab"
        }
      [32m+[0m[0m vpc_id                 = (known after apply)
    }

[1m  # aws_security_group.cluster[0m will be created
[0m  [32m+[0m[0m resource "aws_security_group" "cluster" {
      [32m+[0m[0m arn                    = (known after apply)
      [32m+[0m[0m description            = "Nos do cluster Kubernetes"
      [32m+[0m[0m egress                 = (known after apply)
      [32m+[0m[0m id                     = (known after apply)
      [32m+[0m[0m ingress                = (known after apply)
      [32m+[0m[0m name                   = "k8s-lab-cluster-sg"
      [32m+[0m[0m name_prefix            = (known after apply)
      [32m+[0m[0m owner_id               = (known after apply)
      [32m+[0m[0m region                 = "us-east-1"
      [32m+[0m[0m revoke_rules_on_delete = false
      [32m+[0m[0m tags                   = {
          [32m+[0m[0m "Name" = "k8s-lab-cluster-sg"
        }
      [32m+[0m[0m tags_all               = {
          [32m+[0m[0m "ManagedBy" = "terraform"
          [32m+[0m[0m "Name"      = "k8s-lab-cluster-sg"
          [32m+[0m[0m "Project"   = "k8s-lab"
        }
      [32m+[0m[0m vpc_id                 = (known after apply)
    }

[1m  # aws_subnet.bastion[0][0m will be created
[0m  [32m+[0m[0m resource "aws_subnet" "bastion" {
      [32m+[0m[0m arn                                            = (known after apply)
      [32m+[0m[0m assign_ipv6_address_on_creation                = false
      [32m+[0m[0m availability_zone                              = "us-east-1a"
      [32m+[0m[0m availability_zone_id                           = (known after apply)
      [32m+[0m[0m cidr_block                                     = "10.0.3.0/24"
      [32m+[0m[0m enable_dns64                                   = false
      [32m+[0m[0m enable_resource_name_dns_a_record_on_launch    = false
      [32m+[0m[0m enable_resource_name_dns_aaaa_record_on_launch = false
      [32m+[0m[0m id                                             = (known after apply)
      [32m+[0m[0m ipv6_cidr_block                                = (known after apply)
      [32m+[0m[0m ipv6_cidr_block_association_id                 = (known after apply)
      [32m+[0m[0m ipv6_native                                    = false
      [32m+[0m[0m map_public_ip_on_launch                        = true
      [32m+[0m[0m owner_id                                       = (known after apply)
      [32m+[0m[0m private_dns_hostname_type_on_launch            = (known after apply)
      [32m+[0m[0m region                                         = "us-east-1"
      [32m+[0m[0m tags                                           = {
          [32m+[0m[0m "Name" = "k8s-lab-subnet-bastion"
        }
      [32m+[0m[0m tags_all                                       = {
          [32m+[0m[0m "ManagedBy" = "terraform"
          [32m+[0m[0m "Name"      = "k8s-lab-subnet-bastion"
          [32m+[0m[0m "Project"   = "k8s-lab"
        }
      [32m+[0m[0m vpc_id                                         = (known after apply)
    }

[1m  # aws_subnet.control_plane[0m will be created
[0m  [32m+[0m[0m resource "aws_subnet" "control_plane" {
      [32m+[0m[0m arn                                            = (known after apply)
      [32m+[0m[0m assign_ipv6_address_on_creation                = false
      [32m+[0m[0m availability_zone                              = "us-east-1a"
      [32m+[0m[0m availability_zone_id                           = (known after apply)
      [32m+[0m[0m cidr_block                                     = "10.0.1.0/24"
      [32m+[0m[0m enable_dns64                                   = false
      [32m+[0m[0m enable_resource_name_dns_a_record_on_launch    = false
      [32m+[0m[0m enable_resource_name_dns_aaaa_record_on_launch = false
      [32m+[0m[0m id                                             = (known after apply)
      [32m+[0m[0m ipv6_cidr_block                                = (known after apply)
      [32m+[0m[0m ipv6_cidr_block_association_id                 = (known after apply)
      [32m+[0m[0m ipv6_native                                    = false
      [32m+[0m[0m map_public_ip_on_launch                        = true
      [32m+[0m[0m owner_id                                       = (known after apply)
      [32m+[0m[0m private_dns_hostname_type_on_launch            = (known after apply)
      [32m+[0m[0m region                                         = "us-east-1"
      [32m+[0m[0m tags                                           = {
          [32m+[0m[0m "Name" = "k8s-lab-subnet-control-plane"
        }
      [32m+[0m[0m tags_all                                       = {
          [32m+[0m[0m "ManagedBy" = "terraform"
          [32m+[0m[0m "Name"      = "k8s-lab-subnet-control-plane"
          [32m+[0m[0m "Project"   = "k8s-lab"
        }
      [32m+[0m[0m vpc_id                                         = (known after apply)
    }

[1m  # aws_subnet.workers[0m will be created
[0m  [32m+[0m[0m resource "aws_subnet" "workers" {
      [32m+[0m[0m arn                                            = (known after apply)
      [32m+[0m[0m assign_ipv6_address_on_creation                = false
      [32m+[0m[0m availability_zone                              = "us-east-1b"
      [32m+[0m[0m availability_zone_id                           = (known after apply)
      [32m+[0m[0m cidr_block                                     = "10.0.2.0/24"
      [32m+[0m[0m enable_dns64                                   = false
      [32m+[0m[0m enable_resource_name_dns_a_record_on_launch    = false
      [32m+[0m[0m enable_resource_name_dns_aaaa_record_on_launch = false
      [32m+[0m[0m id                                             = (known after apply)
      [32m+[0m[0m ipv6_cidr_block                                = (known after apply)
      [32m+[0m[0m ipv6_cidr_block_association_id                 = (known after apply)
      [32m+[0m[0m ipv6_native                                    = false
      [32m+[0m[0m map_public_ip_on_launch                        = true
      [32m+[0m[0m owner_id                                       = (known after apply)
      [32m+[0m[0m private_dns_hostname_type_on_launch            = (known after apply)
      [32m+[0m[0m region                                         = "us-east-1"
      [32m+[0m[0m tags                                           = {
          [32m+[0m[0m "Name" = "k8s-lab-subnet-workers"
        }
      [32m+[0m[0m tags_all                                       = {
          [32m+[0m[0m "ManagedBy" = "terraform"
          [32m+[0m[0m "Name"      = "k8s-lab-subnet-workers"
          [32m+[0m[0m "Project"   = "k8s-lab"
        }
      [32m+[0m[0m vpc_id                                         = (known after apply)
    }

[1m  # aws_vpc.main[0m will be created
[0m  [32m+[0m[0m resource "aws_vpc" "main" {
      [32m+[0m[0m arn                                  = (known after apply)
      [32m+[0m[0m cidr_block                           = "10.0.0.0/16"
      [32m+[0m[0m default_network_acl_id               = (known after apply)
      [32m+[0m[0m default_route_table_id               = (known after apply)
      [32m+[0m[0m default_security_group_id            = (known after apply)
      [32m+[0m[0m dhcp_options_id                      = (known after apply)
      [32m+[0m[0m enable_dns_hostnames                 = true
      [32m+[0m[0m enable_dns_support                   = true
      [32m+[0m[0m enable_network_address_usage_metrics = (known after apply)
      [32m+[0m[0m id                                   = (known after apply)
      [32m+[0m[0m instance_tenancy                     = "default"
      [32m+[0m[0m ipv6_association_id                  = (known after apply)
      [32m+[0m[0m ipv6_cidr_block                      = (known after apply)
      [32m+[0m[0m ipv6_cidr_block_network_border_group = (known after apply)
      [32m+[0m[0m main_route_table_id                  = (known after apply)
      [32m+[0m[0m owner_id                             = (known after apply)
      [32m+[0m[0m region                               = "us-east-1"
      [32m+[0m[0m tags                                 = {
          [32m+[0m[0m "Name" = "k8s-lab-vpc"
        }
      [32m+[0m[0m tags_all                             = {
          [32m+[0m[0m "ManagedBy" = "terraform"
          [32m+[0m[0m "Name"      = "k8s-lab-vpc"
          [32m+[0m[0m "Project"   = "k8s-lab"
        }
    }

[1m  # aws_vpc_security_group_egress_rule.bastion_all[0][0m will be created
[0m  [32m+[0m[0m resource "aws_vpc_security_group_egress_rule" "bastion_all" {
      [32m+[0m[0m arn                    = (known after apply)
      [32m+[0m[0m cidr_ipv4              = "0.0.0.0/0"
      [32m+[0m[0m description            = "Saida liberada"
      [32m+[0m[0m id                     = (known after apply)
      [32m+[0m[0m ip_protocol            = "-1"
      [32m+[0m[0m region                 = "us-east-1"
      [32m+[0m[0m security_group_id      = (known after apply)
      [32m+[0m[0m security_group_rule_id = (known after apply)
      [32m+[0m[0m tags_all               = {
          [32m+[0m[0m "ManagedBy" = "terraform"
          [32m+[0m[0m "Project"   = "k8s-lab"
        }
    }

[1m  # aws_vpc_security_group_egress_rule.cluster_all[0m will be created
[0m  [32m+[0m[0m resource "aws_vpc_security_group_egress_rule" "cluster_all" {
      [32m+[0m[0m arn                    = (known after apply)
      [32m+[0m[0m cidr_ipv4              = "0.0.0.0/0"
      [32m+[0m[0m description            = "Saida liberada (pacotes, imagens)"
      [32m+[0m[0m id                     = (known after apply)
      [32m+[0m[0m ip_protocol            = "-1"
      [32m+[0m[0m region                 = "us-east-1"
      [32m+[0m[0m security_group_id      = (known after apply)
      [32m+[0m[0m security_group_rule_id = (known after apply)
      [32m+[0m[0m tags_all               = {
          [32m+[0m[0m "ManagedBy" = "terraform"
          [32m+[0m[0m "Project"   = "k8s-lab"
        }
    }

[1m  # aws_vpc_security_group_ingress_rule.api_from_my_ip[0m will be created
[0m  [32m+[0m[0m resource "aws_vpc_security_group_ingress_rule" "api_from_my_ip" {
      [32m+[0m[0m arn                    = (known after apply)
      [32m+[0m[0m cidr_ipv4              = "187.85.171.31/32"
      [32m+[0m[0m description            = "Kubernetes API a partir do IP do aluno"
      [32m+[0m[0m from_port              = 6443
      [32m+[0m[0m id                     = (known after apply)
      [32m+[0m[0m ip_protocol            = "tcp"
      [32m+[0m[0m region                 = "us-east-1"
      [32m+[0m[0m security_group_id      = (known after apply)
      [32m+[0m[0m security_group_rule_id = (known after apply)
      [32m+[0m[0m tags_all               = {
          [32m+[0m[0m "ManagedBy" = "terraform"
          [32m+[0m[0m "Project"   = "k8s-lab"
        }
      [32m+[0m[0m to_port                = 6443
    }

[1m  # aws_vpc_security_group_ingress_rule.api_from_vpc[0m will be created
[0m  [32m+[0m[0m resource "aws_vpc_security_group_ingress_rule" "api_from_vpc" {
      [32m+[0m[0m arn                    = (known after apply)
      [32m+[0m[0m cidr_ipv4              = "10.0.0.0/16"
      [32m+[0m[0m description            = "Kubernetes API dentro da VPC (NLB e nos)"
      [32m+[0m[0m from_port              = 6443
      [32m+[0m[0m id                     = (known after apply)
      [32m+[0m[0m ip_protocol            = "tcp"
      [32m+[0m[0m region                 = "us-east-1"
      [32m+[0m[0m security_group_id      = (known after apply)
      [32m+[0m[0m security_group_rule_id = (known after apply)
      [32m+[0m[0m tags_all               = {
          [32m+[0m[0m "ManagedBy" = "terraform"
          [32m+[0m[0m "Project"   = "k8s-lab"
        }
      [32m+[0m[0m to_port                = 6443
    }

[1m  # aws_vpc_security_group_ingress_rule.bastion_ssh[0][0m will be created
[0m  [32m+[0m[0m resource "aws_vpc_security_group_ingress_rule" "bastion_ssh" {
      [32m+[0m[0m arn                    = (known after apply)
      [32m+[0m[0m cidr_ipv4              = "187.85.171.31/32"
      [32m+[0m[0m description            = "SSH somente a partir do IP do aluno"
      [32m+[0m[0m from_port              = 22
      [32m+[0m[0m id                     = (known after apply)
      [32m+[0m[0m ip_protocol            = "tcp"
      [32m+[0m[0m region                 = "us-east-1"
      [32m+[0m[0m security_group_id      = (known after apply)
      [32m+[0m[0m security_group_rule_id = (known after apply)
      [32m+[0m[0m tags_all               = {
          [32m+[0m[0m "ManagedBy" = "terraform"
          [32m+[0m[0m "Project"   = "k8s-lab"
        }
      [32m+[0m[0m to_port                = 22
    }

[1m  # aws_vpc_security_group_ingress_rule.kubelet[0m will be created
[0m  [32m+[0m[0m resource "aws_vpc_security_group_ingress_rule" "kubelet" {
      [32m+[0m[0m arn                    = (known after apply)
      [32m+[0m[0m cidr_ipv4              = "10.0.0.0/16"
      [32m+[0m[0m description            = "Kubelet API"
      [32m+[0m[0m from_port              = 10250
      [32m+[0m[0m id                     = (known after apply)
      [32m+[0m[0m ip_protocol            = "tcp"
      [32m+[0m[0m region                 = "us-east-1"
      [32m+[0m[0m security_group_id      = (known after apply)
      [32m+[0m[0m security_group_rule_id = (known after apply)
      [32m+[0m[0m tags_all               = {
          [32m+[0m[0m "ManagedBy" = "terraform"
          [32m+[0m[0m "Project"   = "k8s-lab"
        }
      [32m+[0m[0m to_port                = 10250
    }

[1m  # aws_vpc_security_group_ingress_rule.nodeport[0m will be created
[0m  [32m+[0m[0m resource "aws_vpc_security_group_ingress_rule" "nodeport" {
      [32m+[0m[0m arn                    = (known after apply)
      [32m+[0m[0m cidr_ipv4              = "187.85.171.31/32"
      [32m+[0m[0m description            = "NodePort Services"
      [32m+[0m[0m from_port              = 30000
      [32m+[0m[0m id                     = (known after apply)
      [32m+[0m[0m ip_protocol            = "tcp"
      [32m+[0m[0m region                 = "us-east-1"
      [32m+[0m[0m security_group_id      = (known after apply)
      [32m+[0m[0m security_group_rule_id = (known after apply)
      [32m+[0m[0m tags_all               = {
          [32m+[0m[0m "ManagedBy" = "terraform"
          [32m+[0m[0m "Project"   = "k8s-lab"
        }
      [32m+[0m[0m to_port                = 32767
    }

[1m  # aws_vpc_security_group_ingress_rule.self[0m will be created
[0m  [32m+[0m[0m resource "aws_vpc_security_group_ingress_rule" "self" {
      [32m+[0m[0m arn                          = (known after apply)
      [32m+[0m[0m description                  = "Todo trafego entre os nos do cluster"
      [32m+[0m[0m id                           = (known after apply)
      [32m+[0m[0m ip_protocol                  = "-1"
      [32m+[0m[0m referenced_security_group_id = (known after apply)
      [32m+[0m[0m region                       = "us-east-1"
      [32m+[0m[0m security_group_id            = (known after apply)
      [32m+[0m[0m security_group_rule_id       = (known after apply)
      [32m+[0m[0m tags_all                     = {
          [32m+[0m[0m "ManagedBy" = "terraform"
          [32m+[0m[0m "Project"   = "k8s-lab"
        }
    }

[1m  # aws_vpc_security_group_ingress_rule.ssh_from_bastion[0][0m will be created
[0m  [32m+[0m[0m resource "aws_vpc_security_group_ingress_rule" "ssh_from_bastion" {
      [32m+[0m[0m arn                          = (known after apply)
      [32m+[0m[0m description                  = "SSH somente a partir do Bastion"
      [32m+[0m[0m from_port                    = 22
      [32m+[0m[0m id                           = (known after apply)
      [32m+[0m[0m ip_protocol                  = "tcp"
      [32m+[0m[0m referenced_security_group_id = (known after apply)
      [32m+[0m[0m region                       = "us-east-1"
      [32m+[0m[0m security_group_id            = (known after apply)
      [32m+[0m[0m security_group_rule_id       = (known after apply)
      [32m+[0m[0m tags_all                     = {
          [32m+[0m[0m "ManagedBy" = "terraform"
          [32m+[0m[0m "Project"   = "k8s-lab"
        }
      [32m+[0m[0m to_port                      = 22
    }

[1m  # local_file.inventory[0m will be created
[0m  [32m+[0m[0m resource "local_file" "inventory" {
      [32m+[0m[0m content              = (known after apply)
      [32m+[0m[0m content_base64sha256 = (known after apply)
      [32m+[0m[0m content_base64sha512 = (known after apply)
      [32m+[0m[0m content_md5          = (known after apply)
      [32m+[0m[0m content_sha1         = (known after apply)
      [32m+[0m[0m content_sha256       = (known after apply)
      [32m+[0m[0m content_sha512       = (known after apply)
      [32m+[0m[0m directory_permission = "0777"
      [32m+[0m[0m file_permission      = "0644"
      [32m+[0m[0m filename             = "./../ansible/inventory.ini"
      [32m+[0m[0m id                   = (known after apply)
    }

[1m  # local_sensitive_file.private_key[0m will be created
[0m  [32m+[0m[0m resource "local_sensitive_file" "private_key" {
      [32m+[0m[0m content              = (sensitive value)
      [32m+[0m[0m content_base64sha256 = (known after apply)
      [32m+[0m[0m content_base64sha512 = (known after apply)
      [32m+[0m[0m content_md5          = (known after apply)
      [32m+[0m[0m content_sha1         = (known after apply)
      [32m+[0m[0m content_sha256       = (known after apply)
      [32m+[0m[0m content_sha512       = (known after apply)
      [32m+[0m[0m directory_permission = "0700"
      [32m+[0m[0m file_permission      = "0600"
      [32m+[0m[0m filename             = "/home/pedros-senac/terraform-ansible/k8s-terraform-ansible/keys/k8s-lab-key.pem"
      [32m+[0m[0m id                   = (known after apply)
    }

[1m  # terraform_data.ansible[0][0m will be created
[0m  [32m+[0m[0m resource "terraform_data" "ansible" {
      [32m+[0m[0m id               = (known after apply)
      [32m+[0m[0m triggers_replace = {
          [32m+[0m[0m control_planes = [
              [32m+[0m[0m (known after apply),
            ]
          [32m+[0m[0m inventory      = (known after apply)
          [32m+[0m[0m workers        = [
              [32m+[0m[0m (known after apply),
              [32m+[0m[0m (known after apply),
            ]
        }
    }

[1m  # tls_private_key.ssh[0m will be created
[0m  [32m+[0m[0m resource "tls_private_key" "ssh" {
      [32m+[0m[0m algorithm                     = "ED25519"
      [32m+[0m[0m ecdsa_curve                   = "P224"
      [32m+[0m[0m id                            = (known after apply)
      [32m+[0m[0m private_key_openssh           = (sensitive value)
      [32m+[0m[0m private_key_pem               = (sensitive value)
      [32m+[0m[0m private_key_pem_pkcs8         = (sensitive value)
      [32m+[0m[0m public_key_fingerprint_md5    = (known after apply)
      [32m+[0m[0m public_key_fingerprint_sha256 = (known after apply)
      [32m+[0m[0m public_key_openssh            = (known after apply)
      [32m+[0m[0m public_key_pem                = (known after apply)
      [32m+[0m[0m rsa_bits                      = 2048
    }

[1mPlan:[0m [0m29 to add, 0 to change, 0 to destroy.

Changes to Outputs:
  [32m+[0m[0m allowed_ip                = "187.85.171.31/32"
  [32m+[0m[0m api_endpoint              = (known after apply)
  [32m+[0m[0m bastion_public_ip         = (known after apply)
  [32m+[0m[0m control_plane_private_ip  = (known after apply)
  [32m+[0m[0m control_plane_private_ips = [
      [32m+[0m[0m (known after apply),
    ]
  [32m+[0m[0m control_plane_public_ip   = (known after apply)
  [32m+[0m[0m control_plane_public_ips  = [
      [32m+[0m[0m (known after apply),
    ]
  [32m+[0m[0m nginx_urls                = [
      [32m+[0m[0m (known after apply),
      [32m+[0m[0m (known after apply),
    ]
  [32m+[0m[0m ssh_control_plane         = (known after apply)
  [32m+[0m[0m worker_private_ips        = [
      [32m+[0m[0m (known after apply),
      [32m+[0m[0m (known after apply),
    ]
  [32m+[0m[0m worker_public_ips         = [
      [32m+[0m[0m (known after apply),
      [32m+[0m[0m (known after apply),
    ]
[0m[1m
Do you want to perform these actions?[0m
  Terraform will perform the actions described above.
  Only 'yes' will be accepted to approve.

  [1mEnter a value:[0m [0m
[0m[1mtls_private_key.ssh: Creating...[0m[0m
[0m[1mtls_private_key.ssh: Creation complete after 0s [id=bbbb722535581b4d40a070ad877e6b740000ef19][0m
[0m[1mlocal_sensitive_file.private_key: Creating...[0m[0m
[0m[1mlocal_sensitive_file.private_key: Creation complete after 0s [id=8ab841a7d4f0d701d4ea456836468b471a2dac6b][0m
[0m[1maws_key_pair.cluster: Creating...[0m[0m
[0m[1maws_vpc.main: Creating...[0m[0m
[0m[1maws_key_pair.cluster: Creation complete after 0s [id=k8s-lab-key][0m
[0m[1maws_vpc.main: Creation complete after 3s [id=vpc-08e6a66983ca21b6a][0m
[0m[1maws_internet_gateway.main: Creating...[0m[0m
[0m[1maws_subnet.control_plane: Creating...[0m[0m
[0m[1maws_subnet.bastion[0]: Creating...[0m[0m
[0m[1maws_security_group.cluster: Creating...[0m[0m
[0m[1maws_subnet.workers: Creating...[0m[0m
[0m[1maws_security_group.bastion[0]: Creating...[0m[0m
[0m[1maws_internet_gateway.main: Creation complete after 1s [id=igw-08f576ca929aa7759][0m
[0m[1maws_route_table.public: Creating...[0m[0m
[0m[1maws_security_group.cluster: Creation complete after 2s [id=sg-0cd6f08014c5850e1][0m
[0m[1maws_vpc_security_group_ingress_rule.api_from_vpc: Creating...[0m[0m
[0m[1maws_vpc_security_group_ingress_rule.kubelet: Creating...[0m[0m
[0m[1maws_vpc_security_group_ingress_rule.api_from_my_ip: Creating...[0m[0m
[0m[1maws_vpc_security_group_ingress_rule.self: Creating...[0m[0m
[0m[1maws_vpc_security_group_egress_rule.cluster_all: Creating...[0m[0m
[0m[1maws_security_group.bastion[0]: Creation complete after 2s [id=sg-094c53c7800991a73][0m
[0m[1maws_vpc_security_group_ingress_rule.nodeport: Creating...[0m[0m
[0m[1maws_vpc_security_group_ingress_rule.api_from_vpc: Creation complete after 1s [id=sgr-0eb0f634127dc8330][0m
[0m[1maws_vpc_security_group_ingress_rule.ssh_from_bastion[0]: Creating...[0m[0m
[0m[1maws_vpc_security_group_ingress_rule.kubelet: Creation complete after 1s [id=sgr-051d1ed632b844378][0m
[0m[1maws_vpc_security_group_ingress_rule.bastion_ssh[0]: Creating...[0m[0m
[0m[1maws_vpc_security_group_ingress_rule.api_from_my_ip: Creation complete after 1s [id=sgr-0d125446bf2f90c2e][0m
[0m[1maws_vpc_security_group_egress_rule.bastion_all[0]: Creating...[0m[0m
[0m[1maws_vpc_security_group_ingress_rule.self: Creation complete after 1s [id=sgr-062a03d5cd380d0f3][0m
[0m[1maws_vpc_security_group_egress_rule.cluster_all: Creation complete after 1s [id=sgr-0cc7f81bc6161cbc5][0m
[0m[1maws_vpc_security_group_ingress_rule.nodeport: Creation complete after 1s [id=sgr-06496ceb117acf076][0m
[0m[1maws_vpc_security_group_ingress_rule.ssh_from_bastion[0]: Creation complete after 0s [id=sgr-084a16521016daa64][0m
[0m[1maws_vpc_security_group_egress_rule.bastion_all[0]: Creation complete after 0s [id=sgr-00c6f0ead2a482ad0][0m
[0m[1maws_route_table.public: Creation complete after 2s [id=rtb-04e1fe84608677a8c][0m
[0m[1maws_vpc_security_group_ingress_rule.bastion_ssh[0]: Creation complete after 0s [id=sgr-02ce6b1d459878a1b][0m
[0m[1maws_subnet.bastion[0]: Still creating... [00m10s elapsed][0m[0m
[0m[1maws_subnet.control_plane: Still creating... [00m10s elapsed][0m[0m
[0m[1maws_subnet.workers: Still creating... [00m10s elapsed][0m[0m
[0m[1maws_subnet.control_plane: Creation complete after 11s [id=subnet-0aedc114b7b0b3040][0m
[0m[1maws_route_table_association.control_plane: Creating...[0m[0m
[0m[1maws_instance.control_plane[0]: Creating...[0m[0m
[0m[1maws_subnet.workers: Creation complete after 12s [id=subnet-02e8d13a220580abe][0m
[0m[1maws_route_table_association.workers: Creating...[0m[0m
[0m[1maws_instance.worker[0]: Creating...[0m[0m
[0m[1maws_instance.worker[1]: Creating...[0m[0m
[0m[1maws_route_table_association.control_plane: Creation complete after 1s [id=rtbassoc-0029f22cb338faeae][0m
[0m[1maws_route_table_association.workers: Creation complete after 0s [id=rtbassoc-08bd8b868faac7867][0m
[0m[1maws_subnet.bastion[0]: Creation complete after 16s [id=subnet-0fbb58285620fa64b][0m
[0m[1maws_route_table_association.bastion[0]: Creating...[0m[0m
[0m[1maws_instance.bastion[0]: Creating...[0m[0m
[0m[1maws_route_table_association.bastion[0]: Creation complete after 1s [id=rtbassoc-0e7edcf85a03e1315][0m
[0m[1maws_instance.control_plane[0]: Still creating... [00m10s elapsed][0m[0m
[0m[1maws_instance.worker[0]: Still creating... [00m10s elapsed][0m[0m
[0m[1maws_instance.worker[1]: Still creating... [00m10s elapsed][0m[0m
[0m[1maws_instance.bastion[0]: Still creating... [00m10s elapsed][0m[0m
[0m[1maws_instance.control_plane[0]: Creation complete after 15s [id=i-058e328c11d72e861][0m
[0m[1maws_instance.worker[1]: Creation complete after 15s [id=i-0aa431a0646e3ff51][0m
[0m[1maws_instance.worker[0]: Creation complete after 15s [id=i-036e918f77b878428][0m
[0m[1maws_instance.bastion[0]: Creation complete after 14s [id=i-0ccb9b0af02303969][0m
[0m[1mlocal_file.inventory: Creating...[0m[0m
[0m[1mlocal_file.inventory: Creation complete after 0s [id=461ed6db20b1e294c1b83bf742196f869b52ba83][0m
[0m[1mterraform_data.ansible[0]: Creating...[0m[0m
[0m[1mterraform_data.ansible[0]: Provisioning with 'local-exec'...[0m[0m
[0m[1mterraform_data.ansible[0] (local-exec):[0m [0mExecuting: ["/bin/sh" "-c" "ansible-playbook -i inventory.ini site.yml"]

[0m[1mterraform_data.ansible[0] (local-exec):[0m [0mPLAY [Aguardar os servidores ficarem acessíveis] *******************************

[0m[1mterraform_data.ansible[0] (local-exec):[0m [0mTASK [Aguardar conexão SSH (via Bastion, se houver)] ***************************
[0m[1mterraform_data.ansible[0]: Still creating... [00m10s elapsed][0m[0m
[0m[1mterraform_data.ansible[0] (local-exec):[0m [0m[0;32mok: [k8s-worker-2][0m
[0m[1mterraform_data.ansible[0] (local-exec):[0m [0m[0;32mok: [k8s-worker-1][0m
[0m[1mterraform_data.ansible[0] (local-exec):[0m [0m[0;32mok: [k8s-control-plane][0m

[0m[1mterraform_data.ansible[0] (local-exec):[0m [0mTASK [Coletar fatos] ***********************************************************
[0m[1mterraform_data.ansible[0] (local-exec):[0m [0m[0;32mok: [k8s-worker-2][0m
[0m[1mterraform_data.ansible[0] (local-exec):[0m [0m[0;32mok: [k8s-worker-1][0m
[0m[1mterraform_data.ansible[0] (local-exec):[0m [0m[0;32mok: [k8s-control-plane][0m

[0m[1mterraform_data.ansible[0] (local-exec):[0m [0mPLAY [Preparar todos os nós (Linux, containerd, pacotes do Kubernetes)] ********

[0m[1mterraform_data.ansible[0] (local-exec):[0m [0mTASK [Gathering Facts] *********************************************************
[0m[1mterraform_data.ansible[0] (local-exec):[0m [0m[0;32mok: [k8s-control-plane][0m
[0m[1mterraform_data.ansible[0] (local-exec):[0m [0m[0;32mok: [k8s-worker-2][0m
[0m[1mterraform_data.ansible[0] (local-exec):[0m [0m[0;32mok: [k8s-worker-1][0m

[0m[1mterraform_data.ansible[0] (local-exec):[0m [0mTASK [common : Aguardar o cloud-init terminar (evita lock do apt no primeiro boot)] ***
[0m[1mterraform_data.ansible[0]: Still creating... [00m20s elapsed][0m[0m
[0m[1mterraform_data.ansible[0] (local-exec):[0m [0m[0;32mok: [k8s-control-plane][0m
[0m[1mterraform_data.ansible[0] (local-exec):[0m [0m[0;32mok: [k8s-worker-2][0m
[0m[1mterraform_data.ansible[0] (local-exec):[0m [0m[0;32mok: [k8s-worker-1][0m

[0m[1mterraform_data.ansible[0] (local-exec):[0m [0mTASK [common : Atualizar cache e pacotes do sistema] ***************************
[0m[1mterraform_data.ansible[0]: Still creating... [00m30s elapsed][0m[0m
[0m[1mterraform_data.ansible[0] (local-exec):[0m [0m[0;33mchanged: [k8s-worker-2][0m
[0m[1mterraform_data.ansible[0] (local-exec):[0m [0m[0;33mchanged: [k8s-worker-1][0m
[0m[1mterraform_data.ansible[0] (local-exec):[0m [0m[0;33mchanged: [k8s-control-plane][0m

[0m[1mterraform_data.ansible[0] (local-exec):[0m [0mTASK [common : Instalar pacotes básicos] ***************************************
[0m[1mterraform_data.ansible[0]: Still creating... [00m40s elapsed][0m[0m
[0m[1mterraform_data.ansible[0] (local-exec):[0m [0m[0;33mchanged: [k8s-control-plane][0m
[0m[1mterraform_data.ansible[0] (local-exec):[0m [0m[0;33mchanged: [k8s-worker-1][0m
[0m[1mterraform_data.ansible[0] (local-exec):[0m [0m[0;33mchanged: [k8s-worker-2][0m

[0m[1mterraform_data.ansible[0] (local-exec):[0m [0mTASK [common : Impedir que o cloud-init sobrescreva o hostname no reboot] ******
[0m[1mterraform_data.ansible[0]: Still creating... [00m50s elapsed][0m[0m
[0m[1mterraform_data.ansible[0] (local-exec):[0m [0m[0;33mchanged: [k8s-control-plane][0m
[0m[1mterraform_data.ansible[0] (local-exec):[0m [0m[0;33mchanged: [k8s-worker-2][0m
[0m[1mterraform_data.ansible[0] (local-exec):[0m [0m[0;33mchanged: [k8s-worker-1][0m

[0m[1mterraform_data.ansible[0] (local-exec):[0m [0mTASK [common : Configurar hostname] ********************************************
[0m[1mterraform_data.ansible[0] (local-exec):[0m [0m[0;33mchanged: [k8s-worker-1][0m
[0m[1mterraform_data.ansible[0] (local-exec):[0m [0m[0;33mchanged: [k8s-worker-2][0m
[0m[1mterraform_data.ansible[0] (local-exec):[0m [0m[0;33mchanged: [k8s-control-plane][0m

[0m[1mterraform_data.ansible[0] (local-exec):[0m [0mTASK [common : Configurar /etc/hosts com todos os nós do cluster] **************
[0m[1mterraform_data.ansible[0] (local-exec):[0m [0m[1;35m[WARNING]: Module remote_tmp /root/.ansible/tmp did not exist and was created[0m
[0m[1mterraform_data.ansible[0] (local-exec):[0m [0m[1;35mwith a mode of 0700, this may cause issues when running as another user. To[0m
[0m[1mterraform_data.ansible[0] (local-exec):[0m [0m[1;35mavoid this, create the remote_tmp dir with the correct permissions manually[0m
[0m[1mterraform_data.ansible[0] (local-exec):[0m [0m[0;33mchanged: [k8s-worker-2][0m
[0m[1mterraform_data.ansible[0] (local-exec):[0m [0m[0;33mchanged: [k8s-control-plane][0m
[0m[1mterraform_data.ansible[0] (local-exec):[0m [0m[0;33mchanged: [k8s-worker-1][0m

[0m[1mterraform_data.ansible[0] (local-exec):[0m [0mTASK [common : Desabilitar swap imediatamente] *********************************
[0m[1mterraform_data.ansible[0] (local-exec):[0m [0m[0;36mskipping: [k8s-worker-1][0m
[0m[1mterraform_data.ansible[0] (local-exec):[0m [0m[0;36mskipping: [k8s-control-plane][0m
[0m[1mterraform_data.ansible[0] (local-exec):[0m [0m[0;36mskipping: [k8s-worker-2][0m

[0m[1mterraform_data.ansible[0] (local-exec):[0m [0mTASK [common : Desabilitar swap de forma permanente (/etc/fstab)] **************
[0m[1mterraform_data.ansible[0] (local-exec):[0m [0m[0;32mok: [k8s-control-plane][0m
[0m[1mterraform_data.ansible[0] (local-exec):[0m [0m[0;32mok: [k8s-worker-2][0m
[0m[1mterraform_data.ansible[0] (local-exec):[0m [0m[0;32mok: [k8s-worker-1][0m

[0m[1mterraform_data.ansible[0] (local-exec):[0m [0mTASK [common : Garantir carga dos módulos do kernel no boot] *******************
[0m[1mterraform_data.ansible[0]: Still creating... [01m00s elapsed][0m[0m
[0m[1mterraform_data.ansible[0] (local-exec):[0m [0m[0;33mchanged: [k8s-control-plane][0m
[0m[1mterraform_data.ansible[0] (local-exec):[0m [0m[0;33mchanged: [k8s-worker-2][0m
[0m[1mterraform_data.ansible[0] (local-exec):[0m [0m[0;33mchanged: [k8s-worker-1][0m

[0m[1mterraform_data.ansible[0] (local-exec):[0m [0mTASK [common : Carregar módulos do kernel agora] *******************************
[0m[1mterraform_data.ansible[0] (local-exec):[0m [0m[0;32mok: [k8s-worker-2] => (item=overlay)[0m
[0m[1mterraform_data.ansible[0] (local-exec):[0m [0m[0;32mok: [k8s-worker-1] => (item=overlay)[0m
[0m[1mterraform_data.ansible[0] (local-exec):[0m [0m[0;32mok: [k8s-control-plane] => (item=overlay)[0m
[0m[1mterraform_data.ansible[0] (local-exec):[0m [0m[0;32mok: [k8s-worker-1] => (item=br_netfilter)[0m
[0m[1mterraform_data.ansible[0] (local-exec):[0m [0m[0;32mok: [k8s-control-plane] => (item=br_netfilter)[0m
[0m[1mterraform_data.ansible[0] (local-exec):[0m [0m[0;32mok: [k8s-worker-2] => (item=br_netfilter)[0m

[0m[1mterraform_data.ansible[0] (local-exec):[0m [0mTASK [common : Configurar parâmetros de sysctl para o Kubernetes] **************
[0m[1mterraform_data.ansible[0] (local-exec):[0m [0m[0;33mchanged: [k8s-worker-1][0m
[0m[1mterraform_data.ansible[0] (local-exec):[0m [0m[0;33mchanged: [k8s-control-plane][0m
[0m[1mterraform_data.ansible[0] (local-exec):[0m [0m[0;33mchanged: [k8s-worker-2][0m

[0m[1mterraform_data.ansible[0] (local-exec):[0m [0mTASK [common : Aplicar handlers pendentes antes de seguir] *********************

[0m[1mterraform_data.ansible[0] (local-exec):[0m [0mTASK [common : Aplicar handlers pendentes antes de seguir] *********************

[0m[1mterraform_data.ansible[0] (local-exec):[0m [0mTASK [common : Aplicar handlers pendentes antes de seguir] *********************

[0m[1mterraform_data.ansible[0] (local-exec):[0m [0mRUNNING HANDLER [common : Aplicar sysctl] **************************************
[0m[1mterraform_data.ansible[0]: Still creating... [01m10s elapsed][0m[0m
[0m[1mterraform_data.ansible[0] (local-exec):[0m [0m[0;33mchanged: [k8s-control-plane][0m
[0m[1mterraform_data.ansible[0] (local-exec):[0m [0m[0;33mchanged: [k8s-worker-2][0m
[0m[1mterraform_data.ansible[0] (local-exec):[0m [0m[0;33mchanged: [k8s-worker-1][0m

[0m[1mterraform_data.ansible[0] (local-exec):[0m [0mTASK [containerd : Instalar o containerd] **************************************
[0m[1mterraform_data.ansible[0] (local-exec):[0m [0m[0;33mchanged: [k8s-control-plane][0m
[0m[1mterraform_data.ansible[0] (local-exec):[0m [0m[0;33mchanged: [k8s-worker-2][0m
[0m[1mterraform_data.ansible[0] (local-exec):[0m [0m[0;33mchanged: [k8s-worker-1][0m

[0m[1mterraform_data.ansible[0] (local-exec):[0m [0mTASK [containerd : Criar diretório de configuração] ****************************
[0m[1mterraform_data.ansible[0]: Still creating... [01m20s elapsed][0m[0m
[0m[1mterraform_data.ansible[0] (local-exec):[0m [0m[0;33mchanged: [k8s-control-plane][0m
[0m[1mterraform_data.ansible[0] (local-exec):[0m [0m[0;33mchanged: [k8s-worker-2][0m
[0m[1mterraform_data.ansible[0] (local-exec):[0m [0m[0;33mchanged: [k8s-worker-1][0m

[0m[1mterraform_data.ansible[0] (local-exec):[0m [0mTASK [containerd : Gerar configuração padrão do containerd] ********************
[0m[1mterraform_data.ansible[0] (local-exec):[0m [0m[0;33mchanged: [k8s-control-plane][0m
[0m[1mterraform_data.ansible[0] (local-exec):[0m [0m[0;33mchanged: [k8s-worker-2][0m
[0m[1mterraform_data.ansible[0] (local-exec):[0m [0m[0;33mchanged: [k8s-worker-1][0m

[0m[1mterraform_data.ansible[0] (local-exec):[0m [0mTASK [containerd : Configurar SystemdCgroup = true (mesmo cgroup driver do kubelet)] ***
[0m[1mterraform_data.ansible[0] (local-exec):[0m [0m[0;33mchanged: [k8s-control-plane][0m
[0m[1mterraform_data.ansible[0] (local-exec):[0m [0m[0;33mchanged: [k8s-worker-2][0m
[0m[1mterraform_data.ansible[0] (local-exec):[0m [0m[0;33mchanged: [k8s-worker-1][0m

[0m[1mterraform_data.ansible[0] (local-exec):[0m [0mTASK [containerd : Validar que o SystemdCgroup ficou habilitado] ***************
[0m[1mterraform_data.ansible[0] (local-exec):[0m [0m[0;32mok: [k8s-control-plane][0m
[0m[1mterraform_data.ansible[0] (local-exec):[0m [0m[0;32mok: [k8s-worker-2][0m
[0m[1mterraform_data.ansible[0] (local-exec):[0m [0m[0;32mok: [k8s-worker-1][0m

[0m[1mterraform_data.ansible[0] (local-exec):[0m [0mTASK [containerd : Configurar o crictl para usar o containerd] *****************
[0m[1mterraform_data.ansible[0] (local-exec):[0m [0m[0;33mchanged: [k8s-control-plane][0m
[0m[1mterraform_data.ansible[0] (local-exec):[0m [0m[0;33mchanged: [k8s-worker-2][0m
[0m[1mterraform_data.ansible[0] (local-exec):[0m [0m[0;33mchanged: [k8s-worker-1][0m

[0m[1mterraform_data.ansible[0] (local-exec):[0m [0mTASK [containerd : Habilitar e iniciar o containerd] ***************************
[0m[1mterraform_data.ansible[0]: Still creating... [01m30s elapsed][0m[0m
[0m[1mterraform_data.ansible[0] (local-exec):[0m [0m[0;32mok: [k8s-control-plane][0m
[0m[1mterraform_data.ansible[0] (local-exec):[0m [0m[0;32mok: [k8s-worker-2][0m
[0m[1mterraform_data.ansible[0] (local-exec):[0m [0m[0;32mok: [k8s-worker-1][0m

[0m[1mterraform_data.ansible[0] (local-exec):[0m [0mTASK [containerd : Aplicar reinício pendente do containerd] ********************

[0m[1mterraform_data.ansible[0] (local-exec):[0m [0mTASK [containerd : Aplicar reinício pendente do containerd] ********************

[0m[1mterraform_data.ansible[0] (local-exec):[0m [0mTASK [containerd : Aplicar reinício pendente do containerd] ********************

[0m[1mterraform_data.ansible[0] (local-exec):[0m [0mRUNNING HANDLER [containerd : Reiniciar containerd] ****************************
[0m[1mterraform_data.ansible[0] (local-exec):[0m [0m[0;33mchanged: [k8s-control-plane][0m
[0m[1mterraform_data.ansible[0] (local-exec):[0m [0m[0;33mchanged: [k8s-worker-2][0m
[0m[1mterraform_data.ansible[0] (local-exec):[0m [0m[0;33mchanged: [k8s-worker-1][0m

[0m[1mterraform_data.ansible[0] (local-exec):[0m [0mTASK [kubernetes : Adicionar o repositório do Kubernetes (pkgs.k8s.io)] ********
[0m[1mterraform_data.ansible[0] (local-exec):[0m [0m[0;33mchanged: [k8s-worker-2][0m
[0m[1mterraform_data.ansible[0] (local-exec):[0m [0m[0;33mchanged: [k8s-worker-1][0m
[0m[1mterraform_data.ansible[0] (local-exec):[0m [0m[0;33mchanged: [k8s-control-plane][0m

[0m[1mterraform_data.ansible[0] (local-exec):[0m [0mTASK [kubernetes : Instalar kubeadm, kubelet e kubectl] ************************
[0m[1mterraform_data.ansible[0]: Still creating... [01m40s elapsed][0m[0m
[0m[1mterraform_data.ansible[0] (local-exec):[0m [0m[0;33mchanged: [k8s-worker-2][0m
[0m[1mterraform_data.ansible[0] (local-exec):[0m [0m[0;33mchanged: [k8s-worker-1][0m
[0m[1mterraform_data.ansible[0] (local-exec):[0m [0m[0;33mchanged: [k8s-control-plane][0m

[0m[1mterraform_data.ansible[0] (local-exec):[0m [0mTASK [kubernetes : Travar a versão dos pacotes (apt-mark hold)] ****************
[0m[1mterraform_data.ansible[0]: Still creating... [01m50s elapsed][0m[0m
[0m[1mterraform_data.ansible[0] (local-exec):[0m [0m[0;33mchanged: [k8s-worker-2] => (item=kubelet)[0m
[0m[1mterraform_data.ansible[0] (local-exec):[0m [0m[0;33mchanged: [k8s-control-plane] => (item=kubelet)[0m
[0m[1mterraform_data.ansible[0] (local-exec):[0m [0m[0;33mchanged: [k8s-worker-1] => (item=kubelet)[0m
[0m[1mterraform_data.ansible[0] (local-exec):[0m [0m[0;33mchanged: [k8s-control-plane] => (item=kubeadm)[0m
[0m[1mterraform_data.ansible[0] (local-exec):[0m [0m[0;33mchanged: [k8s-worker-2] => (item=kubeadm)[0m
[0m[1mterraform_data.ansible[0] (local-exec):[0m [0m[0;33mchanged: [k8s-worker-1] => (item=kubeadm)[0m
[0m[1mterraform_data.ansible[0] (local-exec):[0m [0m[0;33mchanged: [k8s-control-plane] => (item=kubectl)[0m
[0m[1mterraform_data.ansible[0] (local-exec):[0m [0m[0;33mchanged: [k8s-worker-2] => (item=kubectl)[0m
[0m[1mterraform_data.ansible[0] (local-exec):[0m [0m[0;33mchanged: [k8s-worker-1] => (item=kubectl)[0m

[0m[1mterraform_data.ansible[0] (local-exec):[0m [0mTASK [kubernetes : Habilitar o kubelet] ****************************************
[0m[1mterraform_data.ansible[0] (local-exec):[0m [0m[0;32mok: [k8s-control-plane][0m
[0m[1mterraform_data.ansible[0] (local-exec):[0m [0m[0;32mok: [k8s-worker-2][0m
[0m[1mterraform_data.ansible[0] (local-exec):[0m [0m[0;32mok: [k8s-worker-1][0m

[0m[1mterraform_data.ansible[0] (local-exec):[0m [0mPLAY [Inicializar o(s) Control Plane(s) e instalar o Calico] *******************

[0m[1mterraform_data.ansible[0] (local-exec):[0m [0mTASK [Gathering Facts] *********************************************************
[0m[1mterraform_data.ansible[0] (local-exec):[0m [0m[0;32mok: [k8s-control-plane][0m

[0m[1mterraform_data.ansible[0] (local-exec):[0m [0mTASK [control-plane : Identificar o Control Plane primário] ********************
[0m[1mterraform_data.ansible[0] (local-exec):[0m [0m[0;32mok: [k8s-control-plane][0m

[0m[1mterraform_data.ansible[0] (local-exec):[0m [0mTASK [control-plane : Verificar se este nó já faz parte do cluster] ************
[0m[1mterraform_data.ansible[0] (local-exec):[0m [0m[0;32mok: [k8s-control-plane][0m

[0m[1mterraform_data.ansible[0] (local-exec):[0m [0mTASK [control-plane : Gerar a configuração do kubeadm] *************************
[0m[1mterraform_data.ansible[0]: Still creating... [02m00s elapsed][0m[0m
[0m[1mterraform_data.ansible[0] (local-exec):[0m [0m[0;33mchanged: [k8s-control-plane][0m

[0m[1mterraform_data.ansible[0] (local-exec):[0m [0mTASK [control-plane : Inicializar o cluster (kubeadm init)] ********************
[0m[1mterraform_data.ansible[0]: Still creating... [02m10s elapsed][0m[0m
[0m[1mterraform_data.ansible[0]: Still creating... [02m20s elapsed][0m[0m
[0m[1mterraform_data.ansible[0]: Still creating... [02m30s elapsed][0m[0m
[0m[1mterraform_data.ansible[0] (local-exec):[0m [0m[0;33mchanged: [k8s-control-plane][0m

[0m[1mterraform_data.ansible[0] (local-exec):[0m [0mTASK [control-plane : Baixar o manifesto do Calico v3.32.2] ********************
[0m[1mterraform_data.ansible[0] (local-exec):[0m [0m[0;33mchanged: [k8s-control-plane][0m

[0m[1mterraform_data.ansible[0] (local-exec):[0m [0mTASK [control-plane : Instalar o Calico] ***************************************
[0m[1mterraform_data.ansible[0] (local-exec):[0m [0m[0;33mchanged: [k8s-control-plane][0m

[0m[1mterraform_data.ansible[0] (local-exec):[0m [0mTASK [control-plane : Aguardar o Calico ficar pronto no Control Plane] *********
[0m[1mterraform_data.ansible[0]: Still creating... [02m40s elapsed][0m[0m
[0m[1mterraform_data.ansible[0]: Still creating... [02m50s elapsed][0m[0m
[0m[1mterraform_data.ansible[0]: Still creating... [03m00s elapsed][0m[0m
[0m[1mterraform_data.ansible[0]: Still creating... [03m10s elapsed][0m[0m
[0m[1mterraform_data.ansible[0] (local-exec):[0m [0m[0;32mok: [k8s-control-plane][0m

[0m[1mterraform_data.ansible[0] (local-exec):[0m [0mTASK [control-plane : Gerar chave de certificados para novos Control Planes] ***
[0m[1mterraform_data.ansible[0] (local-exec):[0m [0m[0;36mskipping: [k8s-control-plane][0m

[0m[1mterraform_data.ansible[0] (local-exec):[0m [0mTASK [control-plane : Gerar comando de join] ***********************************
[0m[1mterraform_data.ansible[0] (local-exec):[0m [0m[0;36mskipping: [k8s-control-plane][0m

[0m[1mterraform_data.ansible[0] (local-exec):[0m [0mTASK [control-plane : Montar comando de join para Control Plane] ***************
[0m[1mterraform_data.ansible[0] (local-exec):[0m [0m[0;36mskipping: [k8s-control-plane][0m

[0m[1mterraform_data.ansible[0] (local-exec):[0m [0mTASK [control-plane : Adicionar Control Planes secundários ao cluster] *********
[0m[1mterraform_data.ansible[0] (local-exec):[0m [0m[0;36mskipping: [k8s-control-plane][0m

[0m[1mterraform_data.ansible[0] (local-exec):[0m [0mTASK [control-plane : Criar diretório .kube do usuário ubuntu] *****************
[0m[1mterraform_data.ansible[0] (local-exec):[0m [0m[0;33mchanged: [k8s-control-plane][0m

[0m[1mterraform_data.ansible[0] (local-exec):[0m [0mTASK [control-plane : Copiar admin.conf para $HOME/.kube/config] ***************
[0m[1mterraform_data.ansible[0] (local-exec):[0m [0m[0;33mchanged: [k8s-control-plane][0m

[0m[1mterraform_data.ansible[0] (local-exec):[0m [0mTASK [control-plane : Criar diretório .kube do root] ***************************
[0m[1mterraform_data.ansible[0] (local-exec):[0m [0m[0;33mchanged: [k8s-control-plane][0m

[0m[1mterraform_data.ansible[0] (local-exec):[0m [0mTASK [control-plane : Copiar admin.conf para /root/.kube/config] ***************
[0m[1mterraform_data.ansible[0] (local-exec):[0m [0m[0;33mchanged: [k8s-control-plane][0m

[0m[1mterraform_data.ansible[0] (local-exec):[0m [0mPLAY [Adicionar os Workers ao cluster] *****************************************

[0m[1mterraform_data.ansible[0] (local-exec):[0m [0mTASK [Gathering Facts] *********************************************************
[0m[1mterraform_data.ansible[0]: Still creating... [03m20s elapsed][0m[0m
[0m[1mterraform_data.ansible[0] (local-exec):[0m [0m[0;32mok: [k8s-worker-2][0m
[0m[1mterraform_data.ansible[0] (local-exec):[0m [0m[0;32mok: [k8s-worker-1][0m

[0m[1mterraform_data.ansible[0] (local-exec):[0m [0mTASK [worker : Verificar se o Worker já faz parte do cluster] ******************
[0m[1mterraform_data.ansible[0] (local-exec):[0m [0m[0;32mok: [k8s-worker-2][0m
[0m[1mterraform_data.ansible[0] (local-exec):[0m [0m[0;32mok: [k8s-worker-1][0m

[0m[1mterraform_data.ansible[0] (local-exec):[0m [0mTASK [worker : Obter o comando kubeadm join no Control Plane] ******************
[0m[1mterraform_data.ansible[0]: Still creating... [03m30s elapsed][0m[0m
[0m[1mterraform_data.ansible[0] (local-exec):[0m [0m[0;32mok: [k8s-worker-1 -> k8s-control-plane(10.0.1.30)][0m

[0m[1mterraform_data.ansible[0] (local-exec):[0m [0mTASK [worker : Adicionar o Worker ao cluster (kubeadm join)] *******************
[0m[1mterraform_data.ansible[0] (local-exec):[0m [0m[0;33mchanged: [k8s-worker-2][0m
[0m[1mterraform_data.ansible[0] (local-exec):[0m [0m[0;33mchanged: [k8s-worker-1][0m

[0m[1mterraform_data.ansible[0] (local-exec):[0m [0mPLAY [Publicar a aplicação NGINX] **********************************************

[0m[1mterraform_data.ansible[0] (local-exec):[0m [0mTASK [Gathering Facts] *********************************************************
[0m[1mterraform_data.ansible[0] (local-exec):[0m [0m[0;32mok: [k8s-control-plane][0m

[0m[1mterraform_data.ansible[0] (local-exec):[0m [0mTASK [nginx-app : Aguardar todos os nós ficarem Ready] *************************
[0m[1mterraform_data.ansible[0]: Still creating... [03m40s elapsed][0m[0m
[0m[1mterraform_data.ansible[0]: Still creating... [03m50s elapsed][0m[0m
[0m[1mterraform_data.ansible[0]: Still creating... [04m00s elapsed][0m[0m
[0m[1mterraform_data.ansible[0]: Still creating... [04m10s elapsed][0m[0m
[0m[1mterraform_data.ansible[0] (local-exec):[0m [0m[0;32mok: [k8s-control-plane][0m

[0m[1mterraform_data.ansible[0] (local-exec):[0m [0mTASK [nginx-app : Gerar o manifesto do NGINX] **********************************
[0m[1mterraform_data.ansible[0] (local-exec):[0m [0m[0;33mchanged: [k8s-control-plane][0m

[0m[1mterraform_data.ansible[0] (local-exec):[0m [0mTASK [nginx-app : Aplicar Deployment e Service do NGINX] ***********************
[0m[1mterraform_data.ansible[0] (local-exec):[0m [0m[0;33mchanged: [k8s-control-plane][0m

[0m[1mterraform_data.ansible[0] (local-exec):[0m [0mTASK [nginx-app : Aguardar o rollout do NGINX] *********************************
[0m[1mterraform_data.ansible[0]: Still creating... [04m20s elapsed][0m[0m
[0m[1mterraform_data.ansible[0]: Still creating... [04m30s elapsed][0m[0m
[0m[1mterraform_data.ansible[0] (local-exec):[0m [0m[0;32mok: [k8s-control-plane][0m

[0m[1mterraform_data.ansible[0] (local-exec):[0m [0mTASK [nginx-app : Testar o NodePort a partir do Control Plane] *****************
[0m[1mterraform_data.ansible[0] (local-exec):[0m [0m[0;32mok: [k8s-control-plane] => (item=k8s-worker-1)[0m
[0m[1mterraform_data.ansible[0] (local-exec):[0m [0m[0;32mok: [k8s-control-plane] => (item=k8s-worker-2)[0m

[0m[1mterraform_data.ansible[0] (local-exec):[0m [0mTASK [nginx-app : Coletar estado final do cluster] *****************************
[0m[1mterraform_data.ansible[0] (local-exec):[0m [0m[0;32mok: [k8s-control-plane][0m

[0m[1mterraform_data.ansible[0] (local-exec):[0m [0mTASK [nginx-app : Estado do cluster] *******************************************
[0m[1mterraform_data.ansible[0] (local-exec):[0m [0m[0;32mok: [k8s-control-plane] => [0m
[0m[1mterraform_data.ansible[0] (local-exec):[0m [0m[0;32m    msg:[0m
[0m[1mterraform_data.ansible[0] (local-exec):[0m [0m[0;32m    - '### kubectl get nodes -o wide'[0m
[0m[1mterraform_data.ansible[0] (local-exec):[0m [0m[0;32m    - NAME                STATUS   ROLES           AGE     VERSION   INTERNAL-IP   EXTERNAL-IP   OS-IMAGE             KERNEL-VERSION   CONTAINER-RUNTIME[0m
[0m[1mterraform_data.ansible[0] (local-exec):[0m [0m[0;32m    - k8s-control-plane   Ready    control-plane   2m12s   v1.35.9   10.0.1.30     <none>        Ubuntu[0m
[0m[1mterraform_data.ansible[0] (local-exec):[0m [0m[0;32m        24.04.5 LTS   7.0.0-1013-aws   containerd://2.2.1[0m
[0m[1mterraform_data.ansible[0] (local-exec):[0m [0m[0;32m    - k8s-worker-1        Ready    <none>          64s     v1.35.9   10.0.2.243    <none>        Ubuntu[0m
[0m[1mterraform_data.ansible[0] (local-exec):[0m [0m[0;32m        24.04.5 LTS   7.0.0-1013-aws   containerd://2.2.1[0m
[0m[1mterraform_data.ansible[0] (local-exec):[0m [0m[0;32m    - k8s-worker-2        Ready    <none>          65s     v1.35.9   10.0.2.201    <none>        Ubuntu[0m
[0m[1mterraform_data.ansible[0] (local-exec):[0m [0m[0;32m        24.04.5 LTS   7.0.0-1013-aws   containerd://2.2.1[0m
[0m[1mterraform_data.ansible[0] (local-exec):[0m [0m[0;32m    - ''[0m
[0m[1mterraform_data.ansible[0] (local-exec):[0m [0m[0;32m    - '### kubectl get pods -A'[0m
[0m[1mterraform_data.ansible[0] (local-exec):[0m [0m[0;32m    - NAMESPACE     NAME                                        READY   STATUS    RESTARTS   AGE[0m
[0m[1mterraform_data.ansible[0] (local-exec):[0m [0m[0;32m    - default       nginx-649c975cbc-7r2wx                      1/1     Running   0          19s[0m
[0m[1mterraform_data.ansible[0] (local-exec):[0m [0m[0;32m    - default       nginx-649c975cbc-jjnm7                      1/1     Running   0          19s[0m
[0m[1mterraform_data.ansible[0] (local-exec):[0m [0m[0;32m    - default       nginx-649c975cbc-s7vjf                      1/1     Running   0          19s[0m
[0m[1mterraform_data.ansible[0] (local-exec):[0m [0m[0;32m    - kube-system   calico-kube-controllers-7bbf4599f5-7fr5t    1/1     Running   0          2m2s[0m
[0m[1mterraform_data.ansible[0] (local-exec):[0m [0m[0;32m    - kube-system   calico-node-762jz                           1/1     Running   0          2m2s[0m
[0m[1mterraform_data.ansible[0] (local-exec):[0m [0m[0;32m    - kube-system   calico-node-8p94b                           1/1     Running   0          64s[0m
[0m[1mterraform_data.ansible[0] (local-exec):[0m [0m[0;32m    - kube-system   calico-node-cn2mq                           1/1     Running   0          65s[0m
[0m[1mterraform_data.ansible[0] (local-exec):[0m [0m[0;32m    - kube-system   coredns-7d764666f9-6z7mt                    1/1     Running   0          2m2s[0m
[0m[1mterraform_data.ansible[0] (local-exec):[0m [0m[0;32m    - kube-system   coredns-7d764666f9-dxqsg                    1/1     Running   0          2m1s[0m
[0m[1mterraform_data.ansible[0] (local-exec):[0m [0m[0;32m    - kube-system   etcd-k8s-control-plane                      1/1     Running   0          2m11s[0m
[0m[1mterraform_data.ansible[0] (local-exec):[0m [0m[0;32m    - kube-system   kube-apiserver-k8s-control-plane            1/1     Running   0          2m11s[0m
[0m[1mterraform_data.ansible[0] (local-exec):[0m [0m[0;32m    - kube-system   kube-controller-manager-k8s-control-plane   1/1     Running   0          2m11s[0m
[0m[1mterraform_data.ansible[0] (local-exec):[0m [0m[0;32m    - kube-system   kube-proxy-5hdtf                            1/1     Running   0          2m2s[0m
[0m[1mterraform_data.ansible[0] (local-exec):[0m [0m[0;32m    - kube-system   kube-proxy-bf4gx                            1/1     Running   0          65s[0m
[0m[1mterraform_data.ansible[0] (local-exec):[0m [0m[0;32m    - kube-system   kube-proxy-s288s                            1/1     Running   0          64s[0m
[0m[1mterraform_data.ansible[0] (local-exec):[0m [0m[0;32m    - kube-system   kube-scheduler-k8s-control-plane            1/1     Running   0          2m11s[0m
[0m[1mterraform_data.ansible[0] (local-exec):[0m [0m[0;32m    - ''[0m
[0m[1mterraform_data.ansible[0] (local-exec):[0m [0m[0;32m    - '### kubectl get svc -A'[0m
[0m[1mterraform_data.ansible[0] (local-exec):[0m [0m[0;32m    - NAMESPACE     NAME         TYPE        CLUSTER-IP      EXTERNAL-IP   PORT(S)                  AGE[0m
[0m[1mterraform_data.ansible[0] (local-exec):[0m [0m[0;32m    - default       kubernetes   ClusterIP   10.96.0.1       <none>        443/TCP                  2m10s[0m
[0m[1mterraform_data.ansible[0] (local-exec):[0m [0m[0;32m    - default       nginx        NodePort    10.107.247.36   <none>        80:30080/TCP             19s[0m
[0m[1mterraform_data.ansible[0] (local-exec):[0m [0m[0;32m    - kube-system   kube-dns     ClusterIP   10.96.0.10      <none>        53/UDP,53/TCP,9153/TCP   2m8s[0m
[0m[1mterraform_data.ansible[0] (local-exec):[0m [0m[0;32m    - ''[0m
[0m[1mterraform_data.ansible[0] (local-exec):[0m [0m[0;32m    - '### kubectl get deployment,pods -o wide'[0m
[0m[1mterraform_data.ansible[0] (local-exec):[0m [0m[0;32m    - NAME                    READY   UP-TO-DATE   AVAILABLE   AGE   CONTAINERS   IMAGES                SELECTOR[0m
[0m[1mterraform_data.ansible[0] (local-exec):[0m [0m[0;32m    - deployment.apps/nginx   3/3     3            3           19s   nginx        nginx:stable-alpine   app=nginx[0m
[0m[1mterraform_data.ansible[0] (local-exec):[0m [0m[0;32m    - ''[0m
[0m[1mterraform_data.ansible[0] (local-exec):[0m [0m[0;32m    - NAME                         READY   STATUS    RESTARTS   AGE   IP              NODE           NOMINATED[0m
[0m[1mterraform_data.ansible[0] (local-exec):[0m [0m[0;32m        NODE   READINESS GATES[0m
[0m[1mterraform_data.ansible[0] (local-exec):[0m [0m[0;32m    - pod/nginx-649c975cbc-7r2wx   1/1     Running   0          19s   192.168.140.1   k8s-worker-2   <none>           <none>[0m
[0m[1mterraform_data.ansible[0] (local-exec):[0m [0m[0;32m    - pod/nginx-649c975cbc-jjnm7   1/1     Running   0          19s   192.168.230.1   k8s-worker-1   <none>           <none>[0m
[0m[1mterraform_data.ansible[0] (local-exec):[0m [0m[0;32m    - pod/nginx-649c975cbc-s7vjf   1/1     Running   0          19s   192.168.230.2   k8s-worker-1   <none>           <none>[0m

[0m[1mterraform_data.ansible[0] (local-exec):[0m [0mTASK [nginx-app : URLs do NGINX] ***********************************************
[0m[1mterraform_data.ansible[0] (local-exec):[0m [0m[0;32mok: [k8s-control-plane] => [0m
[0m[1mterraform_data.ansible[0] (local-exec):[0m [0m[0;32m    msg:[0m
[0m[1mterraform_data.ansible[0] (local-exec):[0m [0m[0;32m    - http://3.84.216.179:30080[0m
[0m[1mterraform_data.ansible[0] (local-exec):[0m [0m[0;32m    - http://54.242.82.31:30080[0m

[0m[1mterraform_data.ansible[0] (local-exec):[0m [0mPLAY RECAP *********************************************************************
[0m[1mterraform_data.ansible[0] (local-exec):[0m [0m[0;33mk8s-control-plane[0m          : [0;32mok=47  [0m [0;33mchanged=27  [0m unreachable=0    failed=0    [0;36mskipped=5   [0m rescued=0    ignored=0
[0m[1mterraform_data.ansible[0] (local-exec):[0m [0m[0;33mk8s-worker-1[0m               : [0;32mok=30  [0m [0;33mchanged=18  [0m unreachable=0    failed=0    [0;36mskipped=1   [0m rescued=0    ignored=0
[0m[1mterraform_data.ansible[0] (local-exec):[0m [0m[0;33mk8s-worker-2[0m               : [0;32mok=29  [0m [0;33mchanged=18  [0m unreachable=0    failed=0    [0;36mskipped=1   [0m rescued=0    ignored=0

[0m[1mterraform_data.ansible[0]: Creation complete after 4m39s [id=46dc1201-382b-b21f-8455-26aa3857f23b][0m
[0m[1m[32m
Apply complete! Resources: 29 added, 0 changed, 0 destroyed.[0m
[0m[1m[32m
Outputs:

[0mallowed_ip = "187.85.171.31/32"
api_endpoint = "10.0.1.30:6443"
bastion_public_ip = "54.227.38.90"
control_plane_private_ip = "10.0.1.30"
control_plane_private_ips = [
  "10.0.1.30",
]
control_plane_public_ip = "54.209.249.185"
control_plane_public_ips = [
  "54.209.249.185",
]
nginx_urls = [
  "http://3.84.216.179:30080",
  "http://54.242.82.31:30080",
]
ssh_control_plane = "ssh -i /home/pedros-senac/terraform-ansible/k8s-terraform-ansible/keys/k8s-lab-key.pem -J ubuntu@54.227.38.90 ubuntu@10.0.1.30"
worker_private_ips = [
  "10.0.2.243",
  "10.0.2.201",
]
worker_public_ips = [
  "3.84.216.179",
  "54.242.82.31",
]
